# wrangler.toml — rendered by `flows deploy render` (infra-from-code v0).
#
# flow: schedule_demo_flow v1.0.0 (id 00000000-0000-5000-8000-000000000002)
# requirements schema: 0.4
#
# Review every REPLACE_WITH_* placeholder before `wrangler deploy`; each carries
# a comment with the exact `wrangler` command that creates the resource.

name = "schedule-demo-flow"
main = "build/worker/shim.mjs"
workers_dev = true
compatibility_date = "2024-09-23"

[build]
# worker-build install handled once by the guard script (see README "Workers build tooling").
command = "bash \"$(git rev-parse --show-toplevel)/scripts/ensure-worker-build.sh\" --release"

# resource::kv — required by node(s): record
# create with: wrangler kv namespace create schedule-demo-flow-kv
[[kv_namespaces]]
binding = "FLOW_KV"
id = "REPLACE_WITH_KV_NAMESPACE_ID"

# durability: checkpoint store (durability.mode = "partial") — host-workers Durable Object idiom
[[durable_objects.bindings]]
name = "FLOW_DO"
class_name = "FlowDurableObject"

[[migrations]]
tag = "v1"
new_sqlite_classes = ["FlowDurableObject"]

# Cron schedules (fired into the worker scheduled() handler, which routes by
# byte equality against these strings — never edit them out of sync with the
# bundle; see impl-docs/spec/schedule-trigger.md):
#   "*/5 * * * *"  (trigger `tick` -> capture `record`, deadline 30000ms)
#   "*/5 * * * *"  (trigger `tick_shadow` -> capture `record_shadow`)
#   "0 2 * * *"  (trigger `nightly` -> capture `report`)
[triggers]
crons = ["*/5 * * * *", "0 2 * * *"]

# Size budget (Cloudflare Workers free tier): warn > 900 KiB compressed, error > 1 MiB.
# No wasm artifact was available at render time, so the compressed module size was NOT checked.
# After building, re-render with: --wasm-artifact target/wasm32-unknown-unknown/release/<package>.wasm

# NOTES:
# - no wasm artifact available at render time; module size budget NOT checked (see the size budget comment in wrangler.toml)
# - worker entry crate is not scaffolded by this command yet; follow the crates/host-workers worker-build entry pattern (see its wrangler.toml and scripts/ensure-worker-build.sh)
